// Jest Snapshot v1, https://goo.gl/fbAQLP

exports[`strings still have the same content 1`] = `
Object {
  "en": Object {
    "accessibility": Object {
      "button": Object {
        "back": "Go back",
        "close": "close",
      },
      "clearInput": "Clear Input",
      "dashboard": Object {
        "beenInCloseContact": "Alert from Bluetooth tracing match",
        "beenInContact": "Location alert from a diary entry match",
        "notificationTitleHintDouble": "You have 2 exposure alerts. Swipe right to find out more",
        "notificationTitleHintSingle": "You have 1 exposure alert. Swipe right to find out more",
      },
      "datePicker": Object {
        "selectDateAndTime": "double tap to select the entry date and time",
      },
      "enf": Object {
        "enfShareImageAlt": "Upload your information",
      },
      "linkAccessibilityHint": "Leaves the app and navigates to a webpage",
      "searchBarHint": "Double tab to edit text. Predictions available below.",
      "searchBarLabel": "Edit Box and Search ",
      "textFieldHint1": "Please swipe right to edit text field",
      "textFieldHint2": "Please swipe right twice to edit text field",
      "textFieldLabel": "{0} {1}. error, {2}",
    },
    "announcement": Object {
      "announcement": "Announcement",
      "cancel": "Cancel",
      "dismissTitle": "Would you like to dismiss this announcement?",
      "hiddenAccessibilityLabel": "Public health announcement",
      "linkAccessibilityHint": "Leaves the app and navigates to a webpage",
      "ok": "OK",
    },
    "common": Object {
      "ok": "OK",
      "optional": "optional",
      "recommended": "recommended",
      "required": "required",
      "tab1of4": "1 of 4",
      "tab2of4": "2 of 4",
      "tab3of4": "3 of 4",
      "tab4of4": "4 of 4",
    },
    "components": Object {
      "actionSheet": Object {
        "cardAccessibilityHint": "{0} of {1} in list.",
        "titleAccessibilityHint": "Please swipe right to see the available options",
      },
      "diaryDisclaimer": Object {
        "disclaimer": "Your digital diary is kept only on your phone. Entries older than 60 days are automatically deleted.",
      },
      "diaryEntryListItem": Object {
        "diaryEntry": "{selected}{type} diary entry",
        "doubleTapSelect": "Double tap to select",
        "doubleTapUnselect": "Double tap to unselect",
        "locationAccessibilityHint": "Tap to view entry",
        "locationAccessibilityLabel": "Location alert from diary entry match.",
        "manual": "Manual",
        "scan": "Scanned Location",
        "selected": "Selected ",
      },
      "linkScan": Object {
        "invalidCommonTitle": "We couldn't add a diary entry",
        "invalidLinkMessage": "This link you've tapped is not an official NZ COVID Tracer location link",
        "invalidNFCMessage": "This is not an official NZ COVID Tracer NFC tag",
      },
      "locationIcon": Object {
        "manualEntry": "Manual Diary Entry",
        "saved": "Saved",
        "scannedLocation": "Scanned Location",
      },
      "locationListItem": Object {
        "accessibility": Object {
          "delete": "Delete saved location",
          "hint": "Double tap to choose this as your diary entry location or activity",
          "manualEntry": "{0}. {1} Option {2} of {3}",
          "save": "Save this location",
          "scannedLocation": "{0}. {1} at {2} Option {3} of {4}",
        },
      },
      "saveLocationButton": Object {
        "saved": "Saved location. Tap to unsave.",
        "unSaved": "Unsaved location. Tap to save.",
      },
    },
    "errors": Object {
      "dataRequestCode": Object {
        "atleast1Item": "You must select at least one item to share",
        "incorrectCode": "Incorrect code. Check your code and try again",
        "network": "Something went wrong. Check your code and network connection and try again.",
      },
      "enfCallback": Object {
        "disabled": "Contact tracers are no longer accepting details for this alert. You can return to dashboard by tapping back arrow twice.",
      },
      "error": "Error",
      "generic": "Something went wrong. Please try again.",
      "mfaEnabled": Object {
        "cancel": "Cancel",
        "detail": "We are removing the use of login and two-factor authentication. We advise that you turn two-factor authentication off on the website to be able to confirm your email address during this step.",
        "loginOnline": "Go to website",
        "title": "We couldn’t confirm your email address",
      },
      "network": "A network error occured. Check your internet connection and try again.",
    },
    "exposureNotification": Object {
      "defaultSystemNotificationBody": "You may have been in contact with COVID-19. Tap for more information.",
    },
    "headerButtons": Object {
      "skip": "Skip",
    },
    "nfcNotification": Object {
      "defaultSystemNotificationBody": "You’ve recently added {{locationName}} into your diary, so it won’t be added again. 

Please try again in a few minutes.",
      "defaultSystemNotificationTitle": "Duplicate location entry won't be added to your diary",
      "okay": "Okay",
    },
    "screenTitles": Object {
      "addEntryManually": "Add diary entry",
      "addNHI": "Add your NHI number",
      "chooseOldDiary": "Choose an old diary",
      "contactDetails": "Tell us your contact details",
      "copiedDiary": "Choose an old diary",
      "dashboard": "Dashboard",
      "diary": "Diary",
      "diaryEntry": "Diary entry",
      "diaryShared": "Share my digital diary",
      "editDiary": "Edit entry",
      "editNHI": "Edit your NHI number",
      "enableAlerts": "Enable contact alerts",
      "enableBluetoothModal": "Bluetooth tracing inactive",
      "enableENF": "NZ COVID Tracer Update",
      "enableENFModal": "Bluetooth tracing",
      "enfSettings": "Bluetooth tracing",
      "enfShare": "Share Bluetooth tracing data",
      "enfShareSuccess": "Share Bluetooth tracing data",
      "enterEmail": "Enter email",
      "existingUser": "NZ COVID Tracer Update",
      "lockCode": "Protect your privacy",
      "multipleDiaries": "NZ COVID Tracer Update",
      "myData": "My data",
      "myProfile": "My data",
      "nhiAdded": "NHI added",
      "nhiView": "My NHI details",
      "pickSavedLocation": "Choose saved location",
      "placeOrActivity": "Add diary entry",
      "privacyStatement": "Privacy statement",
      "recordAVisit": "Record a visit",
      "recordVisit": "Record visit",
      "recorded": "Visit recorded",
      "requestCallback": "Send your details",
      "requestCallbackConfirm": "Send your details",
      "saveNewLocation": "Save a location",
      "savedLocations": "Saved locations",
      "savingLocation": "Saving locations",
      "savingLocations": "Saving locations",
      "scanNotRecorded": "Visit not recorded",
      "settings": "Settings",
      "shareDiary": "Share my digital diary",
      "stepTemplate": "Step {0} of {1}",
      "thanks": "Thank you",
      "tutorial": "How it works",
      "verifyEmail": "Verify email",
      "viewDiary": "Choose an old diary",
    },
    "screens": Object {
      "addManualDiaryEntry": Object {
        "addANote": "Note",
        "address": "Address",
        "change": "Change",
        "datePicker": "Arrival date & time",
        "details": "Details",
        "disclaimer": "Describing who you were with and what you were doing can help Contact Tracers.",
        "gln": "Global location number",
        "locationConfirmationAccessibilityLabel": "‘{{locationType}} ‘{{locationName}}’",
        "placeOrActivity": "Place or activity",
        "placeOrActivityDisclaimer": "Select a previous location or type a new one.",
        "save": "Add entry",
        "stepTwoOfTwo": "Step 2 of 2",
        "timeInNZT": "New Zealand Standard Time (NZST)",
        "whenAndHowHappened": "When and how did it happen?",
      },
      "addNHI": Object {
        "description": "The National Health Index number (NHI number) is a unique identifier that is assigned to every person who uses health and disability support services in New Zealand (e.g. ZZZ1234).",
        "more1": "You can usually find your NHI on:",
        "more2": "• your online patient portal",
        "more3": "• a prescription",
        "more4": "• a prescription receipt",
        "more5": "• a prescription medicine label",
        "more6": "• a hospital letter",
        "more7": "• an xray or test result",
        "more8": "If you still can't find your NHI, check with your general practitioner or pharmacist",
        "moreTitle": "Where can I find my NHI?",
        "title": "What is your NHI?",
      },
      "addedNHI": Object {
        "description": "Thanks for adding your NHI to help staff at COVID-19 testing sites.

Together we can stop the spread of COVID-19.",
        "title": "Thanks for helping stop the spread",
      },
      "buttonNHI": Object {
        "continue": "Continue",
        "finish": "Finish",
        "next": "Next",
        "save": "Save",
      },
      "contactDetails": Object {
        "description": "This information helps contact tracers reach you faster if we need to.

If you are known by multiple names, enter the one that most people would use.",
        "doThisLater": "Do this later",
        "email": "Email address",
        "firstName": "First name",
        "headerIamgeLabel": "A person with COVID-19 speaking to a Contact Tracer",
        "heading": "Tell us your contact details",
        "lastName": "Last name ",
        "phoneNumber": "Phone number",
        "phoneNumberInfo": "Mobile numbers are preferred.",
        "submit": "Submit",
      },
      "copiedDiary": Object {
        "copyAnother": "Copy another diary",
        "descriptionP1": "Your diary has been updated with the diary entries from ",
        "descriptionP2": "These entries will be kept in your diary and any entries older than 60 days will be deleted when you open the app.",
        "submit": "Finish",
        "title": "You've successfully copied this diary!",
      },
      "dashboard": Object {
        "alerts": Object {
          "dismiss": Object {
            "cancel": "Cancel",
            "dimiss": "Dismiss",
            "title": "Would you like to dismiss these alerts?",
          },
        },
        "beenInCloseContact": Object {
          "callbackRequested": "Details sent",
          "day": "day ago",
          "daySinceLastExposure": "{0} {1}",
          "days": "days ago",
          "dismiss": Object {
            "cancel": "Cancel",
            "dimiss": "Dismiss",
            "title": "Would you like to dismiss this alert?",
          },
          "lastExposed1": "Last exposed in the last 36 hours ",
          "lastExposed2": "Last exposed around {0} ({1}) ",
          "more": "Find out more",
          "moreAccessibilityHint": "Leaves the app and navigates to a webpage",
          "numberOfExposures": "times over the last {0} days",
          "requestCallback": "Send your details",
        },
        "beenInContact": Object {
          "callbackRequested": "Details sent",
          "description": "Confirm your name and phone number and we’ll give you a call. If you begin to feel unwell, call Healthline at 0800 358 5453.",
          "detailsSent": "Details sent",
          "dismiss": Object {
            "cancel": "Cancel",
            "dimiss": "Dismiss",
            "title": "Would you like to dismiss this alert?",
          },
          "lastExposed": "Last exposed: ",
          "locationAccessibilityHint": "Double tap to view diary entry",
          "more": "Find out more",
          "moreAccessibilityHint": "Leaves the app and navigates to a webpage",
          "requestCallback": "Send your details",
          "riskyLocationAt": "
at ",
          "title": "You may have been in contact with COVID-19",
        },
        "cards": Object {
          "bluetoothTracing": Object {
            "accessibilityHint": "Tap to learn more and change Bluetooth tracing status",
            "disabled": Object {
              "description": "Turn it on here to anonymously log other nearby app users",
              "status": "Bluetooth tracing is off",
            },
            "enabled": Object {
              "description": "Your device is anonymously logging other nearby app users",
              "status": "Bluetooth tracing is on",
            },
            "inactive": Object {
              "description": "Turn on Bluetooth in your phone settings for it to work.",
              "status": "Bluetooth tracing is not active",
            },
            "notSupported": Object {
              "accessibilityHint": "Tap to learn more",
              "description": "Your device may not be supported",
              "status": "Bluetooth Tracing is unavailable",
            },
            "notVerified": Object {
              "description": "We are checking whether your device supports Bluetooth tracing",
              "status": "Activating Bluetooth tracing...",
            },
            "title": "TRACE YOUR ENCOUNTERS",
          },
          "contactAlerts": Object {
            "description": "Get an early warning of exposure to COVID-19. You can also manage which notifications you receive under My Data.",
            "descriptionSettings": "Ensure you can receive the notifications you’ve chosen to allow.",
            "title": "Enable notifications",
          },
          "moreInfo": Object {
            "description": "Find resources about contact tracing and how to stay safe",
            "title": "Learn more",
          },
          "nhi": Object {
            "description": "Have your details ready for a faster COVID-19 test",
            "title": "Add your NHI number",
          },
          "places": Object {
            "description": "Scan or add entries to your digital diary",
            "title": "Record a visit",
          },
          "registerDetails": Object {
            "description": "Help us contact you faster if we need to",
            "title": "Update your details",
          },
          "registerLocation": Object {
            "description": "Help us locate you faster if we need to",
            "title": "Update your address",
          },
          "reminder": Object {
            "hiddenAccessibilityLabel": "Diary reminder",
            "manageNotifications": "Manage notifications",
            "viewDiary": "View diary",
          },
          "stats": Object {
            "decrease": "decreased by {0} since yesterday",
            "increase": "increased by {0} since yesterday",
            "linkAccessibilityHint": "Tap to learn more",
          },
          "test": Object {
            "description": "Find where you could get tested",
            "title": "COVID-19 test locations",
          },
          "unite": Object {
            "description": "The more of us who help contact tracing, the safer we all are",
            "shareMessage": "NZ COVID Tracer app - Sign up to protect yourself, your whānau, and your community https://tracing.covid19.govt.nz/",
            "title": "Share the app",
          },
        },
        "footer": Object {
          "detail": "Wash often. Use soap. 20 seconds. Then dry. This kills the virus by bursting its protective bubble.",
          "title": "Remember to wash your hands",
        },
        "heading": "Protect yourself, your whānau, and
your community",
        "linkAccessiblityHint": "Leaves the app and navigates to a webpage",
        "sections": Object {
          "advice": "Advice",
          "alertDoubleExposure": "COVID-19 contact alerts",
          "alertENFExposure": "COVID-19 Bluetooth alert",
          "alertLocationExposure": "COVID-19 location alert",
          "help": "Help contact tracers",
          "reminder": "Reminder",
          "stats": Object {
            "accessibilityHint": "Leaves app and navigates to a webpage",
            "error": "Something went wrong and we couldn't load the updates. Check your network connection and try again",
            "footer": "Source",
            "refresh": "Refresh",
            "refreshAccessibility": "Refresh latest updates",
            "title": "Latest updates",
            "yourEntries": "days of diary entries over last 14 days",
          },
          "status": "Tracing",
          "whatsNew": "What's new",
        },
        "vaccinePassInfo": Object {
          "accessibilityHint": "This card will be removed from dashboard",
          "accessibilityLabel": "Dismiss the update",
          "description": "If you have My Vaccine Pass in your Wallet, you can now access it from NZ COVID Tracer App after scanning a QR Code Poster.

You can also now export your diary if you are moving to a new phone.",
          "title": "My Vaccine Pass",
        },
      },
      "diary": Object {
        "addAnother": "Add diary entry",
        "addEntry": "Add diary entry",
        "addEntryAccessibilityHint": "Leaves the diary and navigates to Add diary entry form",
        "addEntryAccessibilityLabel": "Add diary entry",
        "addManualEntry": "Add diary entry",
        "addManualEntryAccessibilityLabel": "Add a manual entry for this date.",
        "addNewManualEntryAccessibilityLabel": "Add a new manual entry for this date.",
        "cancel": "Cancel",
        "diaryOptions": "Diary options",
        "export": "Export",
        "exportAlertBody": "This will save your diary into a file so that you can back it up or transfer it to a new phone. Make sure that you save it somewhere safe and secure.",
        "exportAlertTitle": "Export your digital diary",
        "exportDiary": "Export this diary",
        "helpTracers": "Help contact tracers understand where you've been",
        "importDiary": "Import another diary",
        "importingDiary": "Importing diary...",
        "invalidFileContent": "Could not import this file. Make sure you’ve selected a valid file",
        "invalidFileType": "Could not import this file type. Make sure you’ve selected a diary file (.diary)",
        "noEntries": "No entries",
        "oldDiaryText": "Diary entries older than 14 days:",
        "options": "Options",
        "optionsAccessibilityHint": "Double tap to open an action sheet",
        "saveYourDiary": "Save your diary as a file that you can share, so that you can transfer your entries to a different device",
        "shareDiary": "Share my diary",
        "tracerCalls": "If a Contact Tracer calls",
        "transferDiary": "Transfer diary",
        "transferEntries": "Transfer entries from another device from an exported diary file and merge them into your current diary",
      },
      "diaryEntry": Object {
        "address": "Address",
        "bannerBody": "If you begin to feel unwell, please isolate and call Healthline 0800 358 5453 for advice on what to do next.",
        "bannerTitle": "You may have been in contact with COVID-19 during this visit",
        "dateTime": "Date & time",
        "delete": "Delete entry",
        "deleteModal": Object {
          "cancel": "Cancel",
          "message": "Are you sure you want to delete this entry?",
          "ok": "OK",
          "title": "",
        },
        "details": "Note",
        "edit": "Edit",
        "gln": "Global location number",
        "placeOrActivity": "Place or activity",
      },
      "diaryShared": Object {
        "description": "Your digital diary has been sent to the Contact Tracing team.",
        "done": "Finish",
        "title": "Thanks for helping stop the spread",
      },
      "editDiaryEntry": Object {
        "address": "Address",
        "areYouSure": Object {
          "cancel": "Cancel",
          "message": "Are you sure you want to discard these changes?",
          "ok": "Yes",
        },
        "dateTime": "Date & time",
        "details": "Note",
        "disclaimer": "Describing who you were with and what you were doing can help Contact Tracers.",
        "gln": "Global location number",
        "placeOrActivity": "Place or activity",
        "save": "Save changes",
      },
      "enableAlerts": Object {
        "description": "We use notifications to let you know if you may have been in close contact with someone with COVID-19. 

From time to time we may also send announcements. 

You can update your notification preferences in My Data tab.",
        "done": "Done",
        "enableNotifications": "Enable notifications",
        "headerImageLabel": "Two phones receiving COVID-19 exposure alerts",
        "heading": "Enable notifications",
      },
      "enableENF": Object {
        "description1": "Anonymously log when other app users are nearby by enabling your phone’s Exposure Notification System.",
        "description2": "Your phone will use Bluetooth to exchange anonymous IDs with other phones that are using the app and have Bluetooth enabled.",
        "description3": "It cannot share your location, your name, or anything else about you.",
        "description4": "It will allow you to receive an exposure notification if you may have been in close contact with another app user who has COVID-19.",
        "done": "Done",
        "doneAccessibility": "Done",
        "enableTracing": "Enable Bluetooth tracing",
        "enableTracingAccessibility": "Enable Bluetooth tracing",
        "headerImageAccessibilityLabel": "Two phones anonymously exchanging Bluetooth Tracing keys at a cafe.",
        "heading": "Enable Bluetooth tracing",
        "more": "Find out more",
        "moreAccessibility": "Read more info about Bluetooth tracing",
        "moreAccessibilityHint": "Leaves the app and navigates to a webpage",
        "settings": "Turn it on in settings",
        "settingsAccessibility": "Turn bluetooth tracing on in settings",
      },
      "enfSettings": Object {
        "bannerDisabled": "Bluetooth tracing is off",
        "bannerDisabledAccessibilityLabel": "Bluetooth tracing status: Bluetooth tracing is off",
        "bannerEnabled": "Bluetooth tracing is on",
        "bannerEnabledAccessibilityLabel": "Bluetooth tracing status: Bluetooth tracing is on",
        "bannerInactive": "Bluetooth tracing is not active",
        "bannerInactiveAccessibilityLabel": "Bluetooth tracing status: Bluetooth tracing is not active",
        "bluetoothMessageTip": "Bluetooth needs to be enabled in your phone settings for Bluetooth tracing to work.",
        "bluetoothMessageTurnOn": "Turn on Bluetooth",
        "bluetoothMessageTurnOnIOS": "Turn on Bluetooth in settings",
        "bluetoothMessageTurnOnIOSHint": "Navigates to your device's system settings",
        "buttonBlocked": "Authorise in settings",
        "buttonBlockedAccessibility": "Authorise bluetooth tracing in settings",
        "buttonDisabled": "Turn it on",
        "buttonDisabledAccessibility": "Turn bluetooth tracing on",
        "buttonEnabled": "Turn it off",
        "buttonEnabledAccessibility": "Turn bluetooth tracing off",
        "description": "Anonymously log when you are near other app users by enabling your phone’s Exposure Notification System.",
        "disableModal": Object {
          "cancel": "Cancel",
          "description": "If you turn off this feature, you will stop logging when you are near other app users and won’t receive exposure notifications.
If you’ve been nearby someone with COVID-19 during the last 14 days, you won’t be notified. This action will not delete random IDs saved by the Exposure Notification System.",
          "title": "Turn off Bluetooth contact tracing?",
          "turnOff": "Turn off",
        },
        "enableBluetooth": "Enable Bluetooth tracing",
        "headerImageAccessibilityLabel": "Two phones anonymously exchanging Bluetooth tracing keys at a cafe.",
        "howItWorks": "How it works",
        "howItWorks1": "Bluetooth tracing only works when you enable Exposure Notifications in your system settings and have Bluetooth on.",
        "howItWorks2": "Your phone will use low-energy Bluetooth to exchange keys with other app users who have Bluetooth tracing on.",
        "howItWorks3": "You will receive an exposure notification if you were in close contact with another app user who has COVID-19.",
        "notSupported": Object {
          "link": "help@covidtracer.min.health.nz",
          "subtext": "We can't currently activate Bluetooth tracing for you.",
          "subtextP1": "Make sure you're connected to the internet.",
          "subtextP2": "Make sure your operating system is up to date.",
          "subtextP3": "If you're not sure why you're seeing this message, get in touch with us at ",
          "subtextP4": "You can still help contact tracing efforts by scanning the QR code posters and creating manual entries in your diary.",
          "tip": "You can still help contact tracing efforts by scanning the QR code posters and creating manual entries in your diary.",
          "title": "Bluetooth tracing",
        },
        "order1": "1.",
        "order2": "2.",
        "order3": "3.",
        "secondaryButton": "Find out more",
        "secondaryButtonAccessibilityHint": "Leaves the app and navigates to a webpage",
        "secondaryButtonAccessibilityLabel": "Read more info about Bluetooth tracing",
        "tipDescription": "You need to keep scanning in even if you have Bluetooth tracing on. These work together to help contact tracing.",
        "tipSubHeading": "Keep scanning",
        "title": "Trace your encounters with Bluetooth tracing",
        "yourPrivacy": "Your privacy",
        "yourPrivacySubtitle": "Bluetooth tracing cannot share your location, name, or anything else about you.",
      },
      "enfShare": Object {
        "button": "Share",
        "buttonAccessibilityLabel": "Share my Bluetooth tracing codes",
        "description": "This will upload the anonymous codes your phone generated over the last two weeks so Exposure Notifications can be quickly sent to other Bluetooth users who may have been in close contact with you.",
        "errors": Object {
          "code": Object {
            "invalid": "Incorrect code. Check your code and try again",
            "network": "Something went wrong. Make sure you have a network connection and try again.",
            "rateLimited": "You have tried to share your tracing codes too many times. Try again later.",
          },
        },
        "inputInfo": "Enter the code given to you online or by a Contact Tracer.",
        "inputLabel": "Data request code",
        "tip": "You can only share your Bluetooth tracing codes if you were contacted by a Contact Tracer.",
        "title": "Share my Bluetooth tracing codes",
      },
      "enfShareSuccess": Object {
        "button": "Finish",
        "buttonAccessibilityHint": "Navigates to My Data screen",
        "description": "Your Bluetooth tracing data has been sent to the Contact Tracing System.",
        "title": "Thanks for helping stop the spread",
      },
      "enterEmail": Object {
        "description": "We need the email address you used to log in and record entries in your digital diary.

If there are any diary entries on this device that were linked to this email address, you'll be able to copy them over to the current diary.",
        "email": "Email address",
        "submit": "Submit",
        "title": "Confirm your email address",
      },
      "existingUser": Object {
        "infoEnf": "Use Bluetooth to anonymously log when you are near other app users",
        "infoLook": "We've simplified the dashboard to make it easier to get around",
        "infoPassword": "You don't need to set a password or log in to use the app",
        "okay": "Continue",
        "title": "We’ve made a few changes for you",
      },
      "lockCode": Object {
        "description": "Your diary is stored only on your phone.

We recommend you set a lock code on your phone to keep your data safe and private.",
        "headerImageLabel": "A key opening a lock",
        "heading": "A reminder about privacy",
        "okay": "Okay",
      },
      "multipleDiaries": Object {
        "description": "We've noticed that more than one account has been used to keep a digital diary on this device, and this no longer possible.

You can copy over any diary you want to keep using now, or you can do this later.",
        "later": "Do this later",
        "okay": "Choose a diary",
        "title": "You have multiple diaries stored on this device",
      },
      "pickSavedLocation": Object {
        "description": "You can now save a location that you’ve scanned in to before and select it when manually adding a diary entry.",
        "description2": "A manual diary entry from a saved location is as good as scanning in - it means you can get an early warning if you have come into contact with COVID-19.",
        "heading": "You don't have any saved locations yet",
        "secondDescription": "Make it easy to add entries for places you visit regularly when they don't have a poster, such as your friend’s place or if you’ve just stayed home.",
        "secondSubtitle": "Save a written entry",
        "subtitle": "Save a scan for next time",
      },
      "placeOrActivity": Object {
        "placeOrActivity": "Place or activity",
        "searchBarAccessibility": "Editting {0} Edit box, Search Here.",
        "searchBarAccessibilityHint": "predictions available below.",
        "stayedHome": "I stayed home",
        "stayedHomeAccessibilityHint": "Double tap to pick as a diary entry location or activity",
        "stayedHomeAccessibilityLabel": "Saved home location",
        "stepOneOfTwo": "Step 1 of 2",
        "viewSaved": "View saved",
        "viewSavedAccessibilityLabel": "View saved Locations",
      },
      "privacyNHI": Object {
        "description": "Your NHI Number will be kept safely on your phone and will not be shared with health officials unless you disclose it to staff at a COVID-19 testing site.",
        "title": "This data will be safely kept on your device",
      },
      "privacyStatement": Object {
        "buttonPrimary": "Continue",
        "section1": Object {
          "copy": "You can choose which of the NZ COVID Tracer App features you wish to use:",
          "title": "Any personal information you share through NZ COVID Tracer will be used only for public health purposes related to contact tracing during the COVID-19 pandemic response.",
        },
        "section2": Object {
          "copy": "You can choose what locations to scan, and what activities you record in your Digital Diary. This will help you remember where you have been. This stays on your device and each entry is deleted after 60 days.",
          "title": "Digital Diary:",
        },
        "section4": Object {
          "copy": "You can choose if you want to turn on this functionality. This will enable your device to anonymously record when you are near other app users who have Bluetooth enabled. It will record only how close to them you were, and how long you were nearby. It does not record who either of you are or where you were. When an app user tests positive for COVID-19, they can choose to anonymously notify the other app users who have been nearby. No identifying information is exchanged. We will not know you have received a notification unless you choose to contact us about it.",
          "title": "Bluetooth Tracing:",
        },
        "section5": Object {
          "copy": "You can choose if you want to add your NHI number to the app to speed up access to testing if you visit a COVID-19 testing site.",
          "title": "My NHI Details:",
        },
        "section6": Object {
          "copy1": "All information stays on your device. We do collect a small amount of statistical information that does not identify you in any way.",
          "copy2": "To help keep the information on your phone safe, we recommend you keep your phone locked when you are not using it.",
        },
        "section7": Object {
          "copy": "For more information about how your information is used, or to get in contact with us (the Ministry of Health), please review the full",
          "link": "Privacy and Security Statement.",
          "linkAccessibilityHint": "Leaves the app and navigates to a webpage",
          "title": "More information",
        },
        "title": "Privacy statement",
      },
      "profile": Object {
        "contactUs": "Contact us",
        "copyrightNAttribution": "Copyright & Attribution",
        "disclaimer": "© Ministry of Health – Manatū Hauora",
        "feeback": "Feedback",
        "headingSettings": "Settings and support",
        "headingSharePostive": "If you test positive",
        "headingStorePrivate": "Information stored privately",
        "help": "Help",
        "nhiDescription": "Have your details ready for a faster COVID-19 test.",
        "nhiDescriptionHasNHI": "Getting a COVID-19 test? Show this at a testing station for a faster service",
        "nhiDetails": "My NHI number",
        "nhiDetailsHasNHI": "My NHI number",
        "notificationPreferences": "Notification preferences",
        "privacyNSecurity": "Privacy & Security",
        "recoverDiary": "Choose an old diary",
        "savedLocations": "Saved locations",
        "shareBluetooth": "Share my Bluetooth tracing codes",
        "shareBluetoothDescription": "Anonymously notify people you may have exposed to the virus",
        "shareDiary": "Share my digital diary",
        "shareDiaryDescription": "Help contact tracers understand where you’ve been",
        "termsOfUse": "Terms of Use",
        "viewDiary": "My diary",
      },
      "requestCallback": Object {
        "firstName": "First name",
        "heading": "Confirm and send your details",
        "lastName": "Last name",
        "notes": "Contact notes",
        "notesInfo": "Let us know if you have preferred time of contact or need special assistance while on the phone.",
        "phone": "Phone number",
        "phoneInfo": "Mobile numbers are preferred",
        "submit": "Submit",
      },
      "requestCallbackConfirm": Object {
        "confirm": "Confirm",
        "firstName": "First name",
        "goBack": "Go back",
        "heading": "Check your details are correct",
        "lastName": "Last name",
        "notes": "Contact notes",
        "phone": "Phone number",
      },
      "resources": Object {
        "errors": Object {
          "expired": Object {
            "body": "Connect to the Internet to check for the latest updates",
            "title": "This page might be outdated",
          },
          "network": Object {
            "body": "Make sure that Wi-Fi or mobile data is turned on, then try again",
            "title": "Can’t load content",
          },
          "unknown": Object {
            "body": "Please try again later",
            "title": "Something went wrong and we couldn't load the latest content",
          },
        },
      },
      "saveLocationOnboarding": Object {
        "buttonTitle": "Would you like to save this location?",
        "cancel": "Cancel",
        "description1": "You can now save a location that you’ve scanned in to before and select it when manually adding a diary entry.",
        "description2": "A manual diary entry from a saved location is as good as scanning in - it means you can get an early warning if you have come into contact with COVID-19.",
        "manualDiaryImageAccessibilityLabel": "Manual Diary Entry",
        "save": "Save",
        "saveLocation": "Would you like to save this location?",
        "saveNew": "Save a location",
        "scannedLocationImageAccessibilityLabel": "Previously scanned location",
        "secondDescription": "Make it easy to add entries for places you visit regularly when they don't have a poster, such as your friend’s place or if you’ve just stayed home.",
        "secondSubtitle": "Save a written entry",
        "subtitle": "Save a scan for next time",
        "tip": "Don’t save public transport or taxis. Every vehicle has a different QR code.",
      },
      "saveNewLocation": Object {
        "accessibilityHint": "swipe right to save new location",
        "listHeader": "Recent locations:",
        "locationsEmptyList": "All locations you've visited in the last 60 days have already been saved.",
        "searchEmptyList": "There are no saved or recent locations that match your search.",
        "successBanner": "'{{name}}' saved",
        "successBannerAccessibilityHint": "Double tap to undo.",
        "successBannerAccessibilityLabel": "Location saved.",
        "undo": "Undo",
      },
      "saveNewLocationEmpty": Object {
        "buttonLabel": "Add diary entry",
        "description": "You can save locations after you’ve scanned a QR code poster or added a diary entry manually.",
        "title": "Your diary is empty",
      },
      "savedLocations": Object {
        "accessibility": Object {
          "deleteLocationHint": "Swipe right to delete location",
          "saveNew": "Save new location",
        },
        "addManualEntry": "Add as a new written entry",
        "addManualEntryAccessibilityHint": "{0} of {0}",
        "deleteModal": Object {
          "cancel": "Cancel",
          "delete": "Delete",
          "description": "This saved location is no longer stored in your diary. If you delete it, you will no longer be able to create manual entries as if you scanned the poster, until you scan the QR code again.",
          "title": "Would you like to delete ‘{{locationName}}’ from saved locations?",
        },
        "saveNew": "Save new",
      },
      "savingLocations": Object {
        "boldDescription": "to get alerted if you contact COVID-19 there.",
        "cancel": "cancel",
        "description": "If you forget to scan, add a saved poster into your diary manually. This will allow you",
        "save": "save",
        "saveLocation": "Would you like to save this location?",
        "secondDescription": "Make it easier to enter them again, for example if you stayed home.",
        "secondSubtitle": "Save manual diary entries",
        "subtitle": "Save scanned posters",
        "tip": "Do not save buses or taxis, as it is unlikely that you will visit the same vehicle again.",
      },
      "scan": Object {
        "accessibility": Object {
          "diaryHistory": "diary history",
          "hint": "Turn torchlight on to help scan posters in low light",
          "startTutorial": "start tutorial",
          "topBannerHint": "Tap to learn more and change Bluetooth tracing status",
          "torchOffLabel": "Turn torch light on",
          "torchOnLabel": "Turn torch light off",
        },
        "addManualEntry": "Add diary entry",
        "allowCamera": "Allow camera access",
        "and": "AND",
        "blueToothTracingStatus": Object {
          "activating": "Activating Bluetooth tracing...",
          "disabled": "Turn on Bluetooth tracing",
          "enabled": "Bluetooth tracing is running",
          "inactive": "Bluetooth tracing is not active",
          "unavailable": "Bluetooth tracing unavailable",
        },
        "diary": "Diary",
        "errors": Object {
          "couldntScanCode": "We couldn't scan this QR code",
          "notOfficialMessage": "This is not an official NZ COVID Tracer QR code.",
          "troubleReading": "We're having trouble reading this barcode, please try again.",
        },
        "guide": "Guide",
        "instructions": "Scan NZ COVID Tracer QR code or:",
        "keepScanning": "Keep scanning QR posters",
        "manualEntryButtonDescription": "If you can't scan right now",
        "manualEntryButtonTitle": "Add a diary entry manually",
        "noCameraPermission": "To scan QR codes, you'll need to allow camera access to the NZ COVID Tracer app.",
        "openSettings": "Open settings",
        "smallScreenManualEntryButtonTitle": "Add diary entry manually",
        "then": "THEN",
      },
      "scanNotRecorded": Object {
        "description": "There was a problem saving a new diary entry and your visit was not recorded.

Try again, and if this issue persists, contact the support team.",
        "goBack": "Go back",
        "heading": "Something went wrong",
        "links": Object {
          "email": "Email help@covidtracer.min.health.nz",
          "phone": "Call 0800 800 606",
        },
      },
      "scanTutorial": Object {
        "footerText": "Your digital diary is kept securely on your phone. Whenever you open the app, entries older than 60 days will be automatically deleted.",
        "next": "Next",
        "okay": "Okay",
        "step1": Object {
          "description": "Scan the QR codes on official NZ COVID Tracer posters when you arrive at a place.
 
You can also add a manual diary entry if you go somewhere without a poster or if you forgot to scan.",
          "imageAccessibilityLabel": "A person successfully scanning a QR code poster.",
          "tip": "You can share it with contact tracers and will only be asked to do so if you test positive for COVID-19. 
 
Whenever you open the app, diary entries older than 60 days will be deleted.",
          "tipBold": "Your digital diary is stored privately on your phone. ",
          "title": "Trace your steps by recording visits",
        },
        "step2": Object {
          "description": "Your phone will use low-energy Bluetooth to exchange anonymous keys with other phones that are using the app and have Bluetooth tracing enabled.",
          "imageAccessibilityLabel": "Two phones anonymously exchanging Bluetooth Tracing keys at a cafe.",
          "tip": "You can choose to share them with contact tracers if you test positive for COVID-19.",
          "tipBold": "Your Bluetooth tracing codes are stored privately on your phone. ",
          "title": "Trace your encounters with Bluetooth tracing",
        },
        "step3": Object {
          "description": "If you scanned into a place at the same time as someone with COVID-19, we’ll send you an alert. 
 
You will also get an alert if Bluetooth tracing identifies that you may have been in close contact with another app user who has COVID-19.",
          "imageAccessibilityLabel": "Multiple phones receiving an exposure notification when their owner came into contact with COVID-19.",
          "tip": "Only you know if you’ve received a contact alert. You can choose to get in touch with contact tracers.",
          "tipBold": "Alerts are sent anonymously. ",
          "title": "Receive contact alerts",
        },
        "step4": Object {
          "description": "Keeping your digital diary complete will help you quickly remember where you’ve been if a contact tracer gives you a call.",
          "imageAccessibilityLabel": "A person sick with COVID-19 looking through their digital diary.",
          "title": "Retrace your steps",
        },
      },
      "settings": Object {
        "announcements": "Announcements",
        "announcementsDescription": "You can choose whether to receive public health announcements from the Ministry of Health.",
        "announcementsError": "Error updating announcement preferences. Please try again later.",
        "contactAlerts": "Contact alerts",
        "contactAlertsDescription": "If you've scanned in to the same place or exchanged Bluetooth keys with someone who tests positive for COVID-19, we will send you a contact alert.",
        "notifications": "NOTIFICATIONS",
        "usageReminders": "Diary reminders",
        "usageRemindersDescription": "You can choose whether to receive reminders to help you keep your digital diary complete.",
      },
      "shareDiary": Object {
        "continue": "Continue",
        "description": "If you have been asked by a Contact Tracer or provided with a diary upload code online, you can share recent locations from your digital diary with Contact Tracers.

This will securely upload the locations, times and notes in your diary to the National Contact Tracing Solution.",
        "subText": "It is not compulsory for you to share your diary but it helps make contact tracing easier. You can select which entries you want to share and which you want to exclude.

This data will be treated as part of your medical record.",
        "tip": "You can only share your diary if you are a confirmed or probable case of COVID-19.",
        "title": "Share my digital diary",
      },
      "shareDiaryConfirm": Object {
        "aDiaryEntry": "diary entry",
        "across": "across",
        "changeEntries": "Change entries",
        "changeEntriesAccessibility": "Change diary entries that I want to share",
        "changeEntriesHint": "Double tap to change.",
        "createdOn": "{0} that {1} created on",
        "dataRequestCode": "Diary upload code",
        "dataRequestCodeInfo": "Enter the code given to you online or by a Contact Tracer",
        "day": "day",
        "days": "days",
        "diaryEntries": "diary entries",
        "from": "from",
        "period": "over a period from",
        "share": "Confirm and share",
        "shareAccessibility": "Confirm my selection and share my diary",
        "summaryTitle": "Diary upload summary",
        "title": "Confirm diary share",
        "to": "to",
        "youWillBeUploading": "You will be uploading",
      },
      "shareDiaryList": Object {
        "allDays": "All days",
        "allDaysAccessibilityHint": "You can modify your selection in the list below.",
        "allDaysAccessibilityLabel": "Select all diary entries",
        "allDaysSelectedAccessibilityHint": "You can modify your selection in the list below. Double tap to unselect.",
        "allDaysSelectedAccessibilityLabel": "All diary entries selected.",
        "continue": "Continue",
        "error": "Select at least one entry to continue",
        "lastFourteen": "Last 14 days",
        "lastFourteenAccessibilityHint": "You can modify your selection in the list below.",
        "lastFourteenAccessibilityLabel": "Select diary entries from the last 14 days",
        "lastFourteenSelectedAccessibilityHint": "You can modify your selection in the list below. Double tap to unselect.",
        "lastFourteenSelectedAccessibilityLabel": "Diary entries from the last 14 days selected.",
        "noEntries": "No entries",
        "sectionItem": "Section item {0} of {1}.",
        "selectDay": "Select day",
        "selectDayAccessibilityLabel": "Select all entries from this day",
        "title": "Select diary entries to share",
        "unselectDay": "Unselect day",
        "unselectDayAccessibilityLabel": "Unselect all entries from this day",
      },
      "thanks": Object {
        "description": "Thanks for downloading and using the NZ COVID Tracer app to protect yourself, your whānau, and your community.",
        "finish": "Finish",
        "headerImageLabel": "A person with NZ COVID Tracer app surrounded by their friends and family",
        "heading": "You’re all set",
      },
      "valueStatements": Object {
        "buttonPrimary": "Get started",
        "info1": "Track your steps by scanning QR codes and checking into locations",
        "info2": "Use Bluetooth to anonymously log when you are near other app users",
        "info3": "Receive alerts if you might have been exposed to the virus",
        "subtitle": "Protect yourself, your whānau, and your community",
        "title": "NZ COVID Tracer",
      },
      "verifyEmail": Object {
        "codeResend": "Resend code",
        "codeResendDescription": "Haven’t received the code?",
        "codeSent": "Code sent.",
        "descriptionP1": "Enter the 6-digit code sent to:",
        "resendingCode": "Re-sending code...",
        "submit": "Confirm",
        "title": "Confirm your email is correct",
      },
      "viewDiary": Object {
        "descriptionP1": "These entries were recorded for",
        "submit": "Add to current diary",
        "userNotFound": Object {
          "message": "There are no diary entries linked to this email address",
          "ok": "OK",
          "title": "We couldn't find this diary",
        },
      },
      "viewNHI": Object {
        "add": "Add",
        "dateOfBirth": "Date of birth",
        "disclaimer": "NHI is kept securely on your phone",
        "edit": "Edit",
        "fullName": "Full name",
        "nhiNumber": "NHI number",
        "pleaseProvide": "Please provide",
        "title": "Show this screen to the staff at a COVID-19 testing site to be identified faster.",
      },
      "visitRecorded": Object {
        "addDetails": "Note",
        "description": "You’ve already added this location into your diary by scanning a poster or tapping an NFC sticker.",
        "detailsDescription": "Describing who you were with and what you were doing can help Contact Tracers.",
        "doneButton": "Okay",
        "doneHint": "Closes the page and navigates back",
        "heading": "This entry won't be added to your diary",
        "myPass": "My Vaccine Pass",
        "notProvided": "Not provided.",
        "openGPay": "Open Google Pay",
        "openInAppleWallet": "Open In Apple Wallet",
        "tip": "Tip: You can add a manual entry for any missed day even if you were just staying home.",
        "viewPass": "View My Vaccine Pass",
        "viewPassHint": "Tap to open the external app.",
      },
    },
    "topTabs": Object {
      "resources": "More info",
      "resourcesAccessibilityHint": "Double tap to switch to today tab",
      "resourcesAccessibilityLabel": "Selected More info",
      "tabAccessibilityLabel": "Tab {0} of {1}",
      "today": "Today",
      "todayAccessibilityHint": "Double tap to switch to more info tab",
      "todayAccessibilityLabel": "Selected Today",
    },
    "validations": Object {
      "code": Object {
        "generic": "An unknown error occured. Please try again.",
        "invalidAuthCode": "Incorrect code. Check your code and try again",
        "invalidAuthSession": "The verification has timed out. Please go back and enter your email again.",
        "notValid": "Enter a 6-digit code",
        "required": "Enter a 6-digit code",
        "tooManyAttempts": "Too many attempts. Try again later.",
      },
      "dataRequestCode": Object {
        "invalidFormat": "The code should contain 6 characters",
        "required": "Enter the diary upload code",
      },
      "dateOfBirth": Object {
        "noFutureDate": "Date of birth can't be in the future",
        "required": "This field is required",
      },
      "details": Object {
        "tooLong": "Details can be up to 255 characters long",
      },
      "email": Object {
        "generic": "An unknown error occured. Please try again.",
        "notValid": "Enter an email address in the correct format, like name@example.com",
        "required": "Enter an email address",
        "tooManyAttempts": "Too many attempts. Try again later.",
      },
      "enfRequestCode": Object {
        "invalidFormat": "The code should contain 6 digits",
        "required": "Enter data request code",
      },
      "errorTitle": "Error",
      "firstName": Object {
        "noNumbersOrSymbols": "First name must only include letters a to z, hyphens, spaces and apostrophes",
        "required": "Enter first name",
        "tooLong": "First name can be up to 50 characters long",
      },
      "lastName": Object {
        "noNumbersOrSymbols": "Last name must only include letters a to z, hyphens, spaces and apostrophes",
        "required": "Enter last name",
        "tooLong": "Last name can be up to 50 characters long",
      },
      "middleName": Object {
        "noNumbersOrSymbols": "You can’t use  numbers or symbols",
        "tooLong": "Middle name can be up to 100 characters long",
      },
      "nhi": Object {
        "invalid": "Incorrect NHI. Check your entry and try again",
        "required": "Enter NHI number",
      },
      "phone": Object {
        "invalid": "Enter a telephone number in the correct format, like +6421123456",
        "required": "Enter phone number",
      },
      "placeOrActivity": Object {
        "required": "Enter place or activity",
        "tooLong": "Place or activity can be up to 140 characters long",
      },
      "startDate": Object {
        "noFutureDate": "Date and time must be in the past",
        "noOlderThan60Days": "Arrival date must be no more than 60 days in the past",
        "required": "This field is required",
      },
    },
  },
}
`;
